contextlib.py :: AsyncExitStack.__aexit__._fix_exception_context :: input-mutation/attr-store :: [heuristic/may] :: L735
contextlib.py :: ExitStack.__exit__._fix_exception_context :: input-mutation/attr-store :: [heuristic/may] :: L590
contextlib.py :: _AsyncGeneratorContextManager.__aexit__ :: input-mutation/attr-store :: [heuristic/may] :: L256
contextlib.py :: _GeneratorContextManager.__exit__ :: input-mutation/attr-store :: [heuristic/may] :: L183
contextlib.py :: suppress.__exit__ :: dead-store/dead_store_call :: [heuristic/must] :: L465
queue.py :: Queue.put :: complexity/high_cognitive :: [heuristic/may] :: L137
textwrap.py :: TextWrapper._fix_sentence_endings :: input-mutation/subscript-store :: [heuristic/may] :: L192
textwrap.py :: TextWrapper._handle_long_word :: input-mutation/method-mutation :: [heuristic/may] :: L223
textwrap.py :: TextWrapper._handle_long_word :: input-mutation/method-mutation :: [heuristic/may] :: L230
textwrap.py :: TextWrapper._handle_long_word :: input-mutation/method-mutation :: [heuristic/may] :: L230
textwrap.py :: TextWrapper._handle_long_word :: input-mutation/subscript-store :: [heuristic/may] :: L224
textwrap.py :: TextWrapper._wrap_chunks :: complexity/high_cognitive :: [heuristic/may] :: L238
textwrap.py :: TextWrapper._wrap_chunks :: complexity/high_cyclomatic :: [heuristic/may] :: L238
textwrap.py :: TextWrapper._wrap_chunks :: complexity/high_max_live_span :: [heuristic/may] :: L238
textwrap.py :: TextWrapper._wrap_chunks :: input-mutation/method-mutation :: [heuristic/may] :: L264
textwrap.py :: TextWrapper._wrap_chunks :: input-mutation/method-mutation :: [heuristic/may] :: L292
textwrap.py :: TextWrapper._wrap_chunks :: input-mutation/subscript-del :: [heuristic/may] :: L285
